Component: ARM Compiler 5.06 update 7 (build 960) Tool: armlink [4d3601]

==============================================================================

Section Cross References

    principal.o(i.ADC1_2_IRQHandler) refers to principal.o(.data) for value
    principal.o(i.main) refers to driver_gpio.o(i.GPIO_Init) for GPIO_Init
    principal.o(i.main) refers to driver_adc.o(i.ADC_Init) for ADC_Init
    principal.o(i.main) refers to driver_adc.o(i.ADC_Read) for ADC_Read
    principal.o(i.main) refers to principal.o(.constdata) for .constdata
    principal.o(i.main) refers to principal.o(.data) for value
    driver_gpio.o(i.GPIO_Init) refers to driver_gpio.o(i.GPIO_Set) for GPIO_Set
    driver_gpio.o(i.GPIO_Init) refers to driver_gpio.o(i.GPIO_Reset) for GPIO_Reset
    driver_timer.o(i.TIM1_UP_IRQHandler) refers to driver_timer.o(.data) for ptrFcnTim1
    driver_timer.o(i.TIM2_IRQHandler) refers to driver_timer.o(.data) for ptrFcnTim2
    driver_timer.o(i.TIM3_IRQHandler) refers to driver_timer.o(.data) for ptrFcnTim3
    driver_timer.o(i.TIM4_IRQHandler) refers to driver_timer.o(.data) for ptrFcnTim4
    driver_timer.o(i.Timer_ActiveIT) refers to driver_timer.o(.data) for ptrFcnTim1
    driver_timer.o(i.Timer_PWM) refers to driver_timer.o(i.Timer_Edit_PWM_DutyCycle) for Timer_Edit_PWM_DutyCycle
    startup_stm32f10x_md.o(RESET) refers to startup_stm32f10x_md.o(STACK) for __initial_sp
    startup_stm32f10x_md.o(RESET) refers to startup_stm32f10x_md.o(.text) for Reset_Handler
    startup_stm32f10x_md.o(RESET) refers to principal.o(i.ADC1_2_IRQHandler) for ADC1_2_IRQHandler
    startup_stm32f10x_md.o(RESET) refers to driver_timer.o(i.TIM1_UP_IRQHandler) for TIM1_UP_IRQHandler
    startup_stm32f10x_md.o(RESET) refers to driver_timer.o(i.TIM2_IRQHandler) for TIM2_IRQHandler
    startup_stm32f10x_md.o(RESET) refers to driver_timer.o(i.TIM3_IRQHandler) for TIM3_IRQHandler
    startup_stm32f10x_md.o(RESET) refers to driver_timer.o(i.TIM4_IRQHandler) for TIM4_IRQHandler
    startup_stm32f10x_md.o(.text) refers to system_stm32f10x.o(i.SystemInit) for SystemInit
    startup_stm32f10x_md.o(.text) refers to entry.o(.ARM.Collect$$$$00000000) for __main
    system_stm32f10x.o(i.SetSysClock) refers to system_stm32f10x.o(i.SetSysClockTo72) for SetSysClockTo72
    system_stm32f10x.o(i.SystemCoreClockUpdate) refers to system_stm32f10x.o(.data) for SystemCoreClock
    system_stm32f10x.o(i.SystemInit) refers to system_stm32f10x.o(i.SetSysClock) for SetSysClock
    entry.o(.ARM.Collect$$$$00000000) refers (Special) to entry10a.o(.ARM.Collect$$$$0000000F) for __rt_final_cpp
    entry.o(.ARM.Collect$$$$00000000) refers (Special) to entry11a.o(.ARM.Collect$$$$00000011) for __rt_final_exit
    entry.o(.ARM.Collect$$$$00000000) refers (Special) to entry12b.o(.ARM.Collect$$$$0000000E) for __rt_lib_shutdown_fini
    entry.o(.ARM.Collect$$$$00000000) refers (Special) to entry7b.o(.ARM.Collect$$$$00000008) for _main_clock
    entry.o(.ARM.Collect$$$$00000000) refers (Special) to entry8b.o(.ARM.Collect$$$$0000000A) for _main_cpp_init
    entry.o(.ARM.Collect$$$$00000000) refers (Special) to entry9a.o(.ARM.Collect$$$$0000000B) for _main_init
    entry.o(.ARM.Collect$$$$00000000) refers (Special) to entry5.o(.ARM.Collect$$$$00000004) for _main_scatterload
    entry.o(.ARM.Collect$$$$00000000) refers (Special) to entry2.o(.ARM.Collect$$$$00000001) for _main_stk
    entry2.o(.ARM.Collect$$$$00000001) refers to entry2.o(.ARM.Collect$$$$00002712) for __lit__00000000
    entry2.o(.ARM.Collect$$$$00002712) refers to startup_stm32f10x_md.o(STACK) for __initial_sp
    entry2.o(__vectab_stack_and_reset_area) refers to startup_stm32f10x_md.o(STACK) for __initial_sp
    entry2.o(__vectab_stack_and_reset_area) refers to entry.o(.ARM.Collect$$$$00000000) for __main
    entry5.o(.ARM.Collect$$$$00000004) refers to init.o(.text) for __scatterload
    entry9a.o(.ARM.Collect$$$$0000000B) refers to principal.o(i.main) for main
    entry9b.o(.ARM.Collect$$$$0000000C) refers to principal.o(i.main) for main
    init.o(.text) refers to entry5.o(.ARM.Collect$$$$00000004) for __main_after_scatterload


==============================================================================

Removing Unused input sections from the image.

    Removing principal.o(.rev16_text), (4 bytes).
    Removing principal.o(.revsh_text), (4 bytes).
    Removing principal.o(.rrx_text), (6 bytes).
    Removing driver_gpio.o(.rev16_text), (4 bytes).
    Removing driver_gpio.o(.revsh_text), (4 bytes).
    Removing driver_gpio.o(.rrx_text), (6 bytes).
    Removing driver_gpio.o(i.GPIO_Read), (12 bytes).
    Removing driver_gpio.o(i.GPIO_Toggle), (12 bytes).
    Removing driver_timer.o(.rev16_text), (4 bytes).
    Removing driver_timer.o(.revsh_text), (4 bytes).
    Removing driver_timer.o(.rrx_text), (6 bytes).
    Removing driver_timer.o(i.Timer_ActiveIT), (180 bytes).
    Removing driver_timer.o(i.Timer_Base_Init), (120 bytes).
    Removing driver_timer.o(i.Timer_Edit_PWM_DutyCycle), (162 bytes).
    Removing driver_timer.o(i.Timer_PWM), (304 bytes).
    Removing driver_adc.o(.rev16_text), (4 bytes).
    Removing driver_adc.o(.revsh_text), (4 bytes).
    Removing driver_adc.o(.rrx_text), (6 bytes).
    Removing startup_stm32f10x_md.o(HEAP), (512 bytes).
    Removing system_stm32f10x.o(.rev16_text), (4 bytes).
    Removing system_stm32f10x.o(.revsh_text), (4 bytes).
    Removing system_stm32f10x.o(.rrx_text), (6 bytes).
    Removing system_stm32f10x.o(i.SystemCoreClockUpdate), (164 bytes).
    Removing system_stm32f10x.o(.data), (20 bytes).

24 unused section(s) (total 1556 bytes) removed from the image.

==============================================================================

Image Symbol Table

    Local Symbols

    Symbol Name                              Value     Ov Type        Size  Object(Section)

    ../clib/microlib/init/entry.s            0x00000000   Number         0  entry8a.o ABSOLUTE
    ../clib/microlib/init/entry.s            0x00000000   Number         0  entry12b.o ABSOLUTE
    ../clib/microlib/init/entry.s            0x00000000   Number         0  entry11b.o ABSOLUTE
    ../clib/microlib/init/entry.s            0x00000000   Number         0  entry11a.o ABSOLUTE
    ../clib/microlib/init/entry.s            0x00000000   Number         0  entry10b.o ABSOLUTE
    ../clib/microlib/init/entry.s            0x00000000   Number         0  entry10a.o ABSOLUTE
    ../clib/microlib/init/entry.s            0x00000000   Number         0  entry9b.o ABSOLUTE
    ../clib/microlib/init/entry.s            0x00000000   Number         0  entry12a.o ABSOLUTE
    ../clib/microlib/init/entry.s            0x00000000   Number         0  entry9a.o ABSOLUTE
    ../clib/microlib/init/entry.s            0x00000000   Number         0  entry8b.o ABSOLUTE
    ../clib/microlib/init/entry.s            0x00000000   Number         0  entry7b.o ABSOLUTE
    ../clib/microlib/init/entry.s            0x00000000   Number         0  entry7a.o ABSOLUTE
    ../clib/microlib/init/entry.s            0x00000000   Number         0  entry.o ABSOLUTE
    ../clib/microlib/init/entry.s            0x00000000   Number         0  entry5.o ABSOLUTE
    ../clib/microlib/init/entry.s            0x00000000   Number         0  entry2.o ABSOLUTE
    ..\DRIVERS\Source\Driver_ADC.c           0x00000000   Number         0  driver_adc.o ABSOLUTE
    ..\DRIVERS\Source\Driver_GPIO.c          0x00000000   Number         0  driver_gpio.o ABSOLUTE
    ..\DRIVERS\Source\Driver_Timer.c         0x00000000   Number         0  driver_timer.o ABSOLUTE
    ..\\DRIVERS\\Source\\Driver_ADC.c        0x00000000   Number         0  driver_adc.o ABSOLUTE
    ..\\DRIVERS\\Source\\Driver_GPIO.c       0x00000000   Number         0  driver_gpio.o ABSOLUTE
    ..\\DRIVERS\\Source\\Driver_Timer.c      0x00000000   Number         0  driver_timer.o ABSOLUTE
    RTE\Device\STM32F103RB\startup_stm32f10x_md.s 0x00000000   Number         0  startup_stm32f10x_md.o ABSOLUTE
    RTE\Device\STM32F103RB\system_stm32f10x.c 0x00000000   Number         0  system_stm32f10x.o ABSOLUTE
    RTE\\Device\\STM32F103RB\\system_stm32f10x.c 0x00000000   Number         0  system_stm32f10x.o ABSOLUTE
    Source\Principal.c                       0x00000000   Number         0  principal.o ABSOLUTE
    Source\\Principal.c                      0x00000000   Number         0  principal.o ABSOLUTE
    dc.s                                     0x00000000   Number         0  dc.o ABSOLUTE
    handlers.s                               0x00000000   Number         0  handlers.o ABSOLUTE
    init.s                                   0x00000000   Number         0  init.o ABSOLUTE
    RESET                                    0x08000000   Section      236  startup_stm32f10x_md.o(RESET)
    .ARM.Collect$$$$00000000                 0x080000ec   Section        0  entry.o(.ARM.Collect$$$$00000000)
    .ARM.Collect$$$$00000001                 0x080000ec   Section        4  entry2.o(.ARM.Collect$$$$00000001)
    .ARM.Collect$$$$00000004                 0x080000f0   Section        4  entry5.o(.ARM.Collect$$$$00000004)
    .ARM.Collect$$$$00000008                 0x080000f4   Section        0  entry7b.o(.ARM.Collect$$$$00000008)
    .ARM.Collect$$$$0000000A                 0x080000f4   Section        0  entry8b.o(.ARM.Collect$$$$0000000A)
    .ARM.Collect$$$$0000000B                 0x080000f4   Section        8  entry9a.o(.ARM.Collect$$$$0000000B)
    .ARM.Collect$$$$0000000E                 0x080000fc   Section        4  entry12b.o(.ARM.Collect$$$$0000000E)
    .ARM.Collect$$$$0000000F                 0x08000100   Section        0  entry10a.o(.ARM.Collect$$$$0000000F)
    .ARM.Collect$$$$00000011                 0x08000100   Section        0  entry11a.o(.ARM.Collect$$$$00000011)
    .ARM.Collect$$$$00002712                 0x08000100   Section        4  entry2.o(.ARM.Collect$$$$00002712)
    __lit__00000000                          0x08000100   Data           4  entry2.o(.ARM.Collect$$$$00002712)
    .text                                    0x08000104   Section       36  startup_stm32f10x_md.o(.text)
    .text                                    0x08000128   Section       36  init.o(.text)
    i.ADC1_2_IRQHandler                      0x0800014c   Section        0  principal.o(i.ADC1_2_IRQHandler)
    i.ADC_Init                               0x0800016c   Section        0  driver_adc.o(i.ADC_Init)
    i.ADC_Read                               0x080001f4   Section        0  driver_adc.o(i.ADC_Read)
    i.GPIO_Init                              0x080001fc   Section        0  driver_gpio.o(i.GPIO_Init)
    i.GPIO_Reset                             0x0800034c   Section        0  driver_gpio.o(i.GPIO_Reset)
    i.GPIO_Set                               0x08000358   Section        0  driver_gpio.o(i.GPIO_Set)
    i.SetSysClock                            0x08000364   Section        0  system_stm32f10x.o(i.SetSysClock)
    SetSysClock                              0x08000365   Thumb Code     8  system_stm32f10x.o(i.SetSysClock)
    i.SetSysClockTo72                        0x0800036c   Section        0  system_stm32f10x.o(i.SetSysClockTo72)
    SetSysClockTo72                          0x0800036d   Thumb Code   214  system_stm32f10x.o(i.SetSysClockTo72)
    i.SystemInit                             0x0800044c   Section        0  system_stm32f10x.o(i.SystemInit)
    i.TIM1_UP_IRQHandler                     0x080004ac   Section        0  driver_timer.o(i.TIM1_UP_IRQHandler)
    i.TIM2_IRQHandler                        0x080004d0   Section        0  driver_timer.o(i.TIM2_IRQHandler)
    i.TIM3_IRQHandler                        0x080004f4   Section        0  driver_timer.o(i.TIM3_IRQHandler)
    i.TIM4_IRQHandler                        0x08000518   Section        0  driver_timer.o(i.TIM4_IRQHandler)
    i.__scatterload_copy                     0x0800053c   Section       14  handlers.o(i.__scatterload_copy)
    i.__scatterload_null                     0x0800054a   Section        2  handlers.o(i.__scatterload_null)
    i.__scatterload_zeroinit                 0x0800054c   Section       14  handlers.o(i.__scatterload_zeroinit)
    i.main                                   0x0800055c   Section        0  principal.o(i.main)
    .constdata                               0x08000594   Section       16  principal.o(.constdata)
    .data                                    0x20000000   Section        4  principal.o(.data)
    .data                                    0x20000004   Section       16  driver_timer.o(.data)
    STACK                                    0x20000018   Section     1024  startup_stm32f10x_md.o(STACK)

    Global Symbols

    Symbol Name                              Value     Ov Type        Size  Object(Section)

    BuildAttributes$$THM_ISAv4$P$D$K$B$S$PE$A:L22UL41UL21$X:L11$S22US41US21$IEEE1$IW$USESV6$~STKCKD$USESV7$~SHL$OSPACE$EBA8$MICROLIB$REQ8$PRES8$EABIv2 0x00000000   Number         0  anon$$obj.o ABSOLUTE
    __ARM_use_no_argv                        0x00000000   Number         0  principal.o ABSOLUTE
    __arm_fini_                               - Undefined Weak Reference
    __cpp_initialize__aeabi_                  - Undefined Weak Reference
    __cxa_finalize                            - Undefined Weak Reference
    __decompress                              - Undefined Weak Reference
    _clock_init                               - Undefined Weak Reference
    _microlib_exit                            - Undefined Weak Reference
    __Vectors_Size                           0x000000ec   Number         0  startup_stm32f10x_md.o ABSOLUTE
    __Vectors                                0x08000000   Data           4  startup_stm32f10x_md.o(RESET)
    __Vectors_End                            0x080000ec   Data           0  startup_stm32f10x_md.o(RESET)
    __main                                   0x080000ed   Thumb Code     0  entry.o(.ARM.Collect$$$$00000000)
    _main_stk                                0x080000ed   Thumb Code     0  entry2.o(.ARM.Collect$$$$00000001)
    _main_scatterload                        0x080000f1   Thumb Code     0  entry5.o(.ARM.Collect$$$$00000004)
    __main_after_scatterload                 0x080000f5   Thumb Code     0  entry5.o(.ARM.Collect$$$$00000004)
    _main_clock                              0x080000f5   Thumb Code     0  entry7b.o(.ARM.Collect$$$$00000008)
    _main_cpp_init                           0x080000f5   Thumb Code     0  entry8b.o(.ARM.Collect$$$$0000000A)
    _main_init                               0x080000f5   Thumb Code     0  entry9a.o(.ARM.Collect$$$$0000000B)
    __rt_lib_shutdown_fini                   0x080000fd   Thumb Code     0  entry12b.o(.ARM.Collect$$$$0000000E)
    __rt_final_cpp                           0x08000101   Thumb Code     0  entry10a.o(.ARM.Collect$$$$0000000F)
    __rt_final_exit                          0x08000101   Thumb Code     0  entry11a.o(.ARM.Collect$$$$00000011)
    Reset_Handler                            0x08000105   Thumb Code     8  startup_stm32f10x_md.o(.text)
    NMI_Handler                              0x0800010d   Thumb Code     2  startup_stm32f10x_md.o(.text)
    HardFault_Handler                        0x0800010f   Thumb Code     2  startup_stm32f10x_md.o(.text)
    MemManage_Handler                        0x08000111   Thumb Code     2  startup_stm32f10x_md.o(.text)
    BusFault_Handler                         0x08000113   Thumb Code     2  startup_stm32f10x_md.o(.text)
    UsageFault_Handler                       0x08000115   Thumb Code     2  startup_stm32f10x_md.o(.text)
    SVC_Handler                              0x08000117   Thumb Code     2  startup_stm32f10x_md.o(.text)
    DebugMon_Handler                         0x08000119   Thumb Code     2  startup_stm32f10x_md.o(.text)
    PendSV_Handler                           0x0800011b   Thumb Code     2  startup_stm32f10x_md.o(.text)
    SysTick_Handler                          0x0800011d   Thumb Code     2  startup_stm32f10x_md.o(.text)
    CAN1_RX1_IRQHandler                      0x0800011f   Thumb Code     0  startup_stm32f10x_md.o(.text)
    CAN1_SCE_IRQHandler                      0x0800011f   Thumb Code     0  startup_stm32f10x_md.o(.text)
    DMA1_Channel1_IRQHandler                 0x0800011f   Thumb Code     0  startup_stm32f10x_md.o(.text)
    DMA1_Channel2_IRQHandler                 0x0800011f   Thumb Code     0  startup_stm32f10x_md.o(.text)
    DMA1_Channel3_IRQHandler                 0x0800011f   Thumb Code     0  startup_stm32f10x_md.o(.text)
    DMA1_Channel4_IRQHandler                 0x0800011f   Thumb Code     0  startup_stm32f10x_md.o(.text)
    DMA1_Channel5_IRQHandler                 0x0800011f   Thumb Code     0  startup_stm32f10x_md.o(.text)
    DMA1_Channel6_IRQHandler                 0x0800011f   Thumb Code     0  startup_stm32f10x_md.o(.text)
    DMA1_Channel7_IRQHandler                 0x0800011f   Thumb Code     0  startup_stm32f10x_md.o(.text)
    EXTI0_IRQHandler                         0x0800011f   Thumb Code     0  startup_stm32f10x_md.o(.text)
    EXTI15_10_IRQHandler                     0x0800011f   Thumb Code     0  startup_stm32f10x_md.o(.text)
    EXTI1_IRQHandler                         0x0800011f   Thumb Code     0  startup_stm32f10x_md.o(.text)
    EXTI2_IRQHandler                         0x0800011f   Thumb Code     0  startup_stm32f10x_md.o(.text)
    EXTI3_IRQHandler                         0x0800011f   Thumb Code     0  startup_stm32f10x_md.o(.text)
    EXTI4_IRQHandler                         0x0800011f   Thumb Code     0  startup_stm32f10x_md.o(.text)
    EXTI9_5_IRQHandler                       0x0800011f   Thumb Code     0  startup_stm32f10x_md.o(.text)
    FLASH_IRQHandler                         0x0800011f   Thumb Code     0  startup_stm32f10x_md.o(.text)
    I2C1_ER_IRQHandler                       0x0800011f   Thumb Code     0  startup_stm32f10x_md.o(.text)
    I2C1_EV_IRQHandler                       0x0800011f   Thumb Code     0  startup_stm32f10x_md.o(.text)
    I2C2_ER_IRQHandler                       0x0800011f   Thumb Code     0  startup_stm32f10x_md.o(.text)
    I2C2_EV_IRQHandler                       0x0800011f   Thumb Code     0  startup_stm32f10x_md.o(.text)
    PVD_IRQHandler                           0x0800011f   Thumb Code     0  startup_stm32f10x_md.o(.text)
    RCC_IRQHandler                           0x0800011f   Thumb Code     0  startup_stm32f10x_md.o(.text)
    RTCAlarm_IRQHandler                      0x0800011f   Thumb Code     0  startup_stm32f10x_md.o(.text)
    RTC_IRQHandler                           0x0800011f   Thumb Code     0  startup_stm32f10x_md.o(.text)
    SPI1_IRQHandler                          0x0800011f   Thumb Code     0  startup_stm32f10x_md.o(.text)
    SPI2_IRQHandler                          0x0800011f   Thumb Code     0  startup_stm32f10x_md.o(.text)
    TAMPER_IRQHandler                        0x0800011f   Thumb Code     0  startup_stm32f10x_md.o(.text)
    TIM1_BRK_IRQHandler                      0x0800011f   Thumb Code     0  startup_stm32f10x_md.o(.text)
    TIM1_CC_IRQHandler                       0x0800011f   Thumb Code     0  startup_stm32f10x_md.o(.text)
    TIM1_TRG_COM_IRQHandler                  0x0800011f   Thumb Code     0  startup_stm32f10x_md.o(.text)
    USART1_IRQHandler                        0x0800011f   Thumb Code     0  startup_stm32f10x_md.o(.text)
    USART2_IRQHandler                        0x0800011f   Thumb Code     0  startup_stm32f10x_md.o(.text)
    USART3_IRQHandler                        0x0800011f   Thumb Code     0  startup_stm32f10x_md.o(.text)
    USBWakeUp_IRQHandler                     0x0800011f   Thumb Code     0  startup_stm32f10x_md.o(.text)
    USB_HP_CAN1_TX_IRQHandler                0x0800011f   Thumb Code     0  startup_stm32f10x_md.o(.text)
    USB_LP_CAN1_RX0_IRQHandler               0x0800011f   Thumb Code     0  startup_stm32f10x_md.o(.text)
    WWDG_IRQHandler                          0x0800011f   Thumb Code     0  startup_stm32f10x_md.o(.text)
    __scatterload                            0x08000129   Thumb Code    28  init.o(.text)
    __scatterload_rt2                        0x08000129   Thumb Code     0  init.o(.text)
    ADC1_2_IRQHandler                        0x0800014d   Thumb Code    24  principal.o(i.ADC1_2_IRQHandler)
    ADC_Init                                 0x0800016d   Thumb Code   122  driver_adc.o(i.ADC_Init)
    ADC_Read                                 0x080001f5   Thumb Code     8  driver_adc.o(i.ADC_Read)
    GPIO_Init                                0x080001fd   Thumb Code   316  driver_gpio.o(i.GPIO_Init)
    GPIO_Reset                               0x0800034d   Thumb Code    12  driver_gpio.o(i.GPIO_Reset)
    GPIO_Set                                 0x08000359   Thumb Code    12  driver_gpio.o(i.GPIO_Set)
    SystemInit                               0x0800044d   Thumb Code    78  system_stm32f10x.o(i.SystemInit)
    TIM1_UP_IRQHandler                       0x080004ad   Thumb Code    28  driver_timer.o(i.TIM1_UP_IRQHandler)
    TIM2_IRQHandler                          0x080004d1   Thumb Code    32  driver_timer.o(i.TIM2_IRQHandler)
    TIM3_IRQHandler                          0x080004f5   Thumb Code    28  driver_timer.o(i.TIM3_IRQHandler)
    TIM4_IRQHandler                          0x08000519   Thumb Code    28  driver_timer.o(i.TIM4_IRQHandler)
    __scatterload_copy                       0x0800053d   Thumb Code    14  handlers.o(i.__scatterload_copy)
    __scatterload_null                       0x0800054b   Thumb Code     2  handlers.o(i.__scatterload_null)
    __scatterload_zeroinit                   0x0800054d   Thumb Code    14  handlers.o(i.__scatterload_zeroinit)
    main                                     0x0800055d   Thumb Code    46  principal.o(i.main)
    Region$$Table$$Base                      0x080005a4   Number         0  anon$$obj.o(Region$$Table)
    Region$$Table$$Limit                     0x080005c4   Number         0  anon$$obj.o(Region$$Table)
    value                                    0x20000000   Data           4  principal.o(.data)
    ptrFcnTim1                               0x20000004   Data           4  driver_timer.o(.data)
    ptrFcnTim2                               0x20000008   Data           4  driver_timer.o(.data)
    ptrFcnTim3                               0x2000000c   Data           4  driver_timer.o(.data)
    ptrFcnTim4                               0x20000010   Data           4  driver_timer.o(.data)
    __initial_sp                             0x20000418   Data           0  startup_stm32f10x_md.o(STACK)



==============================================================================

Memory Map of the image

  Image Entry point : 0x08000105

  Load Region LR_1 (Base: 0x08000000, Size: 0x000005d8, Max: 0xffffffff, ABSOLUTE)

    Execution Region ER_RO (Exec base: 0x08000000, Load base: 0x08000000, Size: 0x000005c4, Max: 0xffffffff, ABSOLUTE)

    Exec Addr    Load Addr    Size         Type   Attr      Idx    E Section Name        Object

    0x08000000   0x08000000   0x000000ec   Data   RO          226    RESET               startup_stm32f10x_md.o
    0x080000ec   0x080000ec   0x00000000   Code   RO          277  * .ARM.Collect$$$$00000000  mc_w.l(entry.o)
    0x080000ec   0x080000ec   0x00000004   Code   RO          280    .ARM.Collect$$$$00000001  mc_w.l(entry2.o)
    0x080000f0   0x080000f0   0x00000004   Code   RO          283    .ARM.Collect$$$$00000004  mc_w.l(entry5.o)
    0x080000f4   0x080000f4   0x00000000   Code   RO          285    .ARM.Collect$$$$00000008  mc_w.l(entry7b.o)
    0x080000f4   0x080000f4   0x00000000   Code   RO          287    .ARM.Collect$$$$0000000A  mc_w.l(entry8b.o)
    0x080000f4   0x080000f4   0x00000008   Code   RO          288    .ARM.Collect$$$$0000000B  mc_w.l(entry9a.o)
    0x080000fc   0x080000fc   0x00000004   Code   RO          295    .ARM.Collect$$$$0000000E  mc_w.l(entry12b.o)
    0x08000100   0x08000100   0x00000000   Code   RO          290    .ARM.Collect$$$$0000000F  mc_w.l(entry10a.o)
    0x08000100   0x08000100   0x00000000   Code   RO          292    .ARM.Collect$$$$00000011  mc_w.l(entry11a.o)
    0x08000100   0x08000100   0x00000004   Code   RO          281    .ARM.Collect$$$$00002712  mc_w.l(entry2.o)
    0x08000104   0x08000104   0x00000024   Code   RO          227  * .text               startup_stm32f10x_md.o
    0x08000128   0x08000128   0x00000024   Code   RO          296    .text               mc_w.l(init.o)
    0x0800014c   0x0800014c   0x00000020   Code   RO            4    i.ADC1_2_IRQHandler  principal.o
    0x0800016c   0x0800016c   0x00000088   Code   RO          197    i.ADC_Init          driver_adc.o
    0x080001f4   0x080001f4   0x00000008   Code   RO          198    i.ADC_Read          driver_adc.o
    0x080001fc   0x080001fc   0x00000150   Code   RO           73    i.GPIO_Init         driver_gpio.o
    0x0800034c   0x0800034c   0x0000000c   Code   RO           75    i.GPIO_Reset        driver_gpio.o
    0x08000358   0x08000358   0x0000000c   Code   RO           76    i.GPIO_Set          driver_gpio.o
    0x08000364   0x08000364   0x00000008   Code   RO          234    i.SetSysClock       system_stm32f10x.o
    0x0800036c   0x0800036c   0x000000e0   Code   RO          235    i.SetSysClockTo72   system_stm32f10x.o
    0x0800044c   0x0800044c   0x00000060   Code   RO          237    i.SystemInit        system_stm32f10x.o
    0x080004ac   0x080004ac   0x00000024   Code   RO          121    i.TIM1_UP_IRQHandler  driver_timer.o
    0x080004d0   0x080004d0   0x00000024   Code   RO          122    i.TIM2_IRQHandler   driver_timer.o
    0x080004f4   0x080004f4   0x00000024   Code   RO          123    i.TIM3_IRQHandler   driver_timer.o
    0x08000518   0x08000518   0x00000024   Code   RO          124    i.TIM4_IRQHandler   driver_timer.o
    0x0800053c   0x0800053c   0x0000000e   Code   RO          300    i.__scatterload_copy  mc_w.l(handlers.o)
    0x0800054a   0x0800054a   0x00000002   Code   RO          301    i.__scatterload_null  mc_w.l(handlers.o)
    0x0800054c   0x0800054c   0x0000000e   Code   RO          302    i.__scatterload_zeroinit  mc_w.l(handlers.o)
    0x0800055a   0x0800055a   0x00000002   PAD
    0x0800055c   0x0800055c   0x00000038   Code   RO            5    i.main              principal.o
    0x08000594   0x08000594   0x00000010   Data   RO            6    .constdata          principal.o
    0x080005a4   0x080005a4   0x00000020   Data   RO          298    Region$$Table       anon$$obj.o


    Execution Region ER_RW (Exec base: 0x20000000, Load base: 0x080005c4, Size: 0x00000014, Max: 0xffffffff, ABSOLUTE)

    Exec Addr    Load Addr    Size         Type   Attr      Idx    E Section Name        Object

    0x20000000   0x080005c4   0x00000004   Data   RW            7    .data               principal.o
    0x20000004   0x080005c8   0x00000010   Data   RW          129    .data               driver_timer.o


    Execution Region ER_ZI (Exec base: 0x20000014, Load base: 0x080005d8, Size: 0x00000404, Max: 0xffffffff, ABSOLUTE)

    Exec Addr    Load Addr    Size         Type   Attr      Idx    E Section Name        Object

    0x20000014   0x080005d8   0x00000004   PAD
    0x20000018        -       0x00000400   Zero   RW          224    STACK               startup_stm32f10x_md.o


==============================================================================

Image component sizes


      Code (inc. data)   RO Data    RW Data    ZI Data      Debug   Object Name

       144         14          0          0          0       1258   driver_adc.o
       360         20          0          0          0       1912   driver_gpio.o
       144         28          0         16          0       3041   driver_timer.o
        88         18         16          4          0     208431   principal.o
        36          8        236          0       1024        800   startup_stm32f10x_md.o
       328         28          0          0          0       1929   system_stm32f10x.o

    ----------------------------------------------------------------------
      1100        116        284         20       1028     217371   Object Totals
         0          0         32          0          0          0   (incl. Generated)
         0          0          0          0          4          0   (incl. Padding)

    ----------------------------------------------------------------------

      Code (inc. data)   RO Data    RW Data    ZI Data      Debug   Library Member Name

         0          0          0          0          0          0   entry.o
         0          0          0          0          0          0   entry10a.o
         0          0          0          0          0          0   entry11a.o
         4          0          0          0          0          0   entry12b.o
         8          4          0          0          0          0   entry2.o
         4          0          0          0          0          0   entry5.o
         0          0          0          0          0          0   entry7b.o
         0          0          0          0          0          0   entry8b.o
         8          4          0          0          0          0   entry9a.o
        30          0          0          0          0          0   handlers.o
        36          8          0          0          0         68   init.o

    ----------------------------------------------------------------------
        92         16          0          0          0         68   Library Totals
         2          0          0          0          0          0   (incl. Padding)

    ----------------------------------------------------------------------

      Code (inc. data)   RO Data    RW Data    ZI Data      Debug   Library Name

        90         16          0          0          0         68   mc_w.l

    ----------------------------------------------------------------------
        92         16          0          0          0         68   Library Totals

    ----------------------------------------------------------------------

==============================================================================


      Code (inc. data)   RO Data    RW Data    ZI Data      Debug   

      1192        132        284         20       1028     217019   Grand Totals
      1192        132        284         20       1028     217019   ELF Image Totals
      1192        132        284         20          0          0   ROM Totals

==============================================================================

    Total RO  Size (Code + RO Data)                 1476 (   1.44kB)
    Total RW  Size (RW Data + ZI Data)              1048 (   1.02kB)
    Total ROM Size (Code + RO Data + RW Data)       1496 (   1.46kB)

==============================================================================

